opam install zarith menhir mdx tsort
[NOTE] Package tsort is already installed (current version is 2.2.0).
[NOTE] Package mdx is already installed (current version is 2.5.2).
[NOTE] Package menhir is already installed (current version is 20260209).
[NOTE] Package zarith is already installed (current version is 1.14).
rm -f ./spectec
dune build src/exe-spectec/main.exe
ln -f _build/default/src/exe-spectec/main.exe ./spectec
make anim-test 'TEST=OCAML_ALL'
make[1]: Entering directory '/home/zilinc/ntu/wasm/spectec/spectec'
opam install zarith menhir mdx tsort
[NOTE] Package tsort is already installed (current version is 2.2.0).
[NOTE] Package mdx is already installed (current version is 2.5.2).
[NOTE] Package menhir is already installed (current version is 20260209).
[NOTE] Package zarith is already installed (current version is 1.14).
rm -f ./spectec
dune build src/exe-spectec/main.exe
ln -f _build/default/src/exe-spectec/main.exe ./spectec
./spectec -l ../specification/wasm-3.0/* src/backend-animation/meta.spectec --animate --inline --new-interpreter-v test-interpreter/spec-test-3/ test-interpreter/spec-test-3/bulk-memory test-interpreter/spec-test-3/exceptions test-interpreter/spec-test-3/gc test-interpreter/spec-test-3/memory64 test-interpreter/spec-test-3/multi-memory
== Parsing...
== Elaboration...
== IL Validation...
== Translating to DL and animate...
== DL Validating... 
== Interpreting...
===== test-interpreter/spec-test-3/address.wast =====
- 264/264 (100.00%) ... 2.47564s.

===== test-interpreter/spec-test-3/align.wast =====
- 142/142 (100.00%) ... 2.84019s.

===== test-interpreter/spec-test-3/annotations.wast =====
- 20/20 (100.00%) ... 0.12615s.

===== test-interpreter/spec-test-3/binary-leb128.wast =====
- 66/66 (100.00%) ... 0.20698s.

===== test-interpreter/spec-test-3/binary.wast =====
- 40/40 (100.00%) ... 0.08312s.

===== test-interpreter/spec-test-3/block.wast =====
- 209/209 (100.00%) ... 2.10952s.

===== test-interpreter/spec-test-3/br.wast =====
- 98/98 (100.00%) ... 1.38949s.

===== test-interpreter/spec-test-3/br_if.wast =====
- 120/120 (100.00%) ... 1.74030s.

===== test-interpreter/spec-test-3/br_on_non_null.wast =====
- 15/15 (100.00%) ... 0.27276s.

===== test-interpreter/spec-test-3/br_on_null.wast =====
- 13/13 (100.00%) ... 0.23524s.

===== test-interpreter/spec-test-3/br_table.wast =====
- 187/187 (100.00%) ... 3.69413s.

===== test-interpreter/spec-test-3/call.wast =====
- 92/92 (100.00%) ... 4m28s.

===== test-interpreter/spec-test-3/call_indirect.wast =====
- 159/159 (100.00%) ... 22.15700s.

===== test-interpreter/spec-test-3/call_ref.wast =====
- 39/39 (100.00%) ... 4m30s.

===== test-interpreter/spec-test-3/comments.wast =====
- 13/13 (100.00%) ... 0.04993s.

===== test-interpreter/spec-test-3/const.wast =====
- 1104/1104 (100.00%) ... 3.92587s.

===== test-interpreter/spec-test-3/conversions.wast =====
- 620/620 (100.00%) ... 3.96652s.

===== test-interpreter/spec-test-3/custom.wast =====
- 6/6 (100.00%) ... 0.01409s.

===== test-interpreter/spec-test-3/data.wast =====
- 110/110 (100.00%) ... 0.86499s.

===== test-interpreter/spec-test-3/elem.wast =====
- 236/236 (100.00%) ... 2.76241s.

===== test-interpreter/spec-test-3/endianness.wast =====
- 70/70 (100.00%) ... 3.48357s.

===== test-interpreter/spec-test-3/exports.wast =====
- 153/153 (100.00%) ... 0.34545s.

===== test-interpreter/spec-test-3/f32.wast =====
- 2513/2513 (100.00%) ... 19.44770s.

===== test-interpreter/spec-test-3/f32_bitwise.wast =====
- 365/365 (100.00%) ... 2.87544s.

===== test-interpreter/spec-test-3/f32_cmp.wast =====
- 2408/2408 (100.00%) ... 18.30738s.

===== test-interpreter/spec-test-3/f64.wast =====
- 2513/2513 (100.00%) ... 19.22049s.

===== test-interpreter/spec-test-3/f64_bitwise.wast =====
- 365/365 (100.00%) ... 3.07321s.

===== test-interpreter/spec-test-3/f64_cmp.wast =====
- 2408/2408 (100.00%) ... 18.80131s.

===== test-interpreter/spec-test-3/fac.wast =====
- 9/9 (100.00%) ... 6.11519s.

===== test-interpreter/spec-test-3/float_exprs.wast =====
- 1025/1025 (100.00%) ... 44.79525s.

===== test-interpreter/spec-test-3/float_literals.wast =====
- 103/103 (100.00%) ... 0.87609s.

===== test-interpreter/spec-test-3/float_memory.wast =====
- 96/96 (100.00%) ... 0.79198s.

===== test-interpreter/spec-test-3/float_misc.wast =====
- 472/472 (100.00%) ... 3.52621s.

===== test-interpreter/spec-test-3/forward.wast =====
- 6/6 (100.00%) ... 0.76521s.

===== test-interpreter/spec-test-3/func.wast =====
- 156/156 (100.00%) ... 1.63433s.

===== test-interpreter/spec-test-3/func_ptrs.wast =====
- print_i32: 83
- 39/39 (100.00%) ... 0.41135s.

===== test-interpreter/spec-test-3/global.wast =====
- 125/125 (100.00%) ... 1.14345s.

===== test-interpreter/spec-test-3/i32.wast =====
- 459/459 (100.00%) ... 3.19140s.

===== test-interpreter/spec-test-3/i64.wast =====
- 415/415 (100.00%) ... 3.08069s.

===== test-interpreter/spec-test-3/id.wast =====
- 2/2 (100.00%) ... 0.04478s.

===== test-interpreter/spec-test-3/if.wast =====
- 218/218 (100.00%) ... 3.48705s.

===== test-interpreter/spec-test-3/imports.wast =====
- print_i32: 13
- print_i32_f32: 14 42
- print_i32: 13
- print_i32: 13
- print_f32: 13
- print_i32: 13
- print_i64: 24
- print_f64_f64: 25 53
- print_i64: 24
- print_f64: 24
- print_f64: 24
- print_f64: 24
- print_i32: 13
- 264/264 (100.00%) ... 1.64130s.

===== test-interpreter/spec-test-3/inline-module.wast =====
- 1/1 (100.00%) ... 0.00187s.

===== test-interpreter/spec-test-3/instance.wast =====
 (Meta)Interpreter warning:
Calling $Step_read can be slow.
 (Meta)Interpreter warning:
Calling $Step_read can be slow.
 (Meta)Interpreter warning:
Calling $Step_read can be slow.
 (Meta)Interpreter warning:
Calling $Step_read can be slow.
- 23/23 (100.00%) ... 0.40780s.

===== test-interpreter/spec-test-3/int_exprs.wast =====
- 127/127 (100.00%) ... 1.12125s.

===== test-interpreter/spec-test-3/int_literals.wast =====
- 32/32 (100.00%) ... 0.27100s.

===== test-interpreter/spec-test-3/labels.wast =====
- 30/30 (100.00%) ... 1.04882s.

===== test-interpreter/spec-test-3/left-to-right.wast =====
- 97/97 (100.00%) ... 7.16011s.

===== test-interpreter/spec-test-3/linking.wast =====
- 182/182 (100.00%) ... 1.46900s.

===== test-interpreter/spec-test-3/load.wast =====
- 85/85 (100.00%) ... 0.75988s.

===== test-interpreter/spec-test-3/local_get.wast =====
- 37/37 (100.00%) ... 0.46611s.

===== test-interpreter/spec-test-3/local_init.wast =====
- 12/12 (100.00%) ... 0.08616s.

===== test-interpreter/spec-test-3/local_set.wast =====
- 54/54 (100.00%) ... 0.43229s.

===== test-interpreter/spec-test-3/local_tee.wast =====
- 99/99 (100.00%) ... 1.35871s.

===== test-interpreter/spec-test-3/loop.wast =====
- 107/107 (100.00%) ... 9.60811s.

===== test-interpreter/spec-test-3/memory.wast =====
- 98/98 (100.00%) ... 0.80494s.

===== test-interpreter/spec-test-3/memory_grow.wast =====
- 101/101 (100.00%) ... 2.05385s.

===== test-interpreter/spec-test-3/memory_redundancy.wast =====
- 9/9 (100.00%) ... 0.20062s.

===== test-interpreter/spec-test-3/memory_size.wast =====
- 46/46 (100.00%) ... 0.32881s.

===== test-interpreter/spec-test-3/memory_trap.wast =====
- 184/184 (100.00%) ... 1.63433s.

===== test-interpreter/spec-test-3/names.wast =====
- print_i32: 42
- print_i32: 123
- 490/490 (100.00%) ... 3.08659s.

===== test-interpreter/spec-test-3/nop.wast =====
- 89/89 (100.00%) ... 1.32586s.

===== test-interpreter/spec-test-3/obsolete-keywords.wast =====
- 0/0 (100.00%) ... 0.00000s.

===== test-interpreter/spec-test-3/ref.wast =====
- 14/14 (100.00%) ... 0.02646s.

===== test-interpreter/spec-test-3/ref_as_non_null.wast =====
- 9/9 (100.00%) ... 0.11627s.

===== test-interpreter/spec-test-3/ref_func.wast =====
- 22/22 (100.00%) ... 0.31128s.

===== test-interpreter/spec-test-3/ref_is_null.wast =====
- 24/24 (100.00%) ... 0.32798s.

===== test-interpreter/spec-test-3/ref_null.wast =====
- 36/36 (100.00%) ... 0.37201s.

===== test-interpreter/spec-test-3/return.wast =====
- 85/85 (100.00%) ... 0.98407s.

===== test-interpreter/spec-test-3/return_call.wast =====
- print_i32_f32: 5 91
- 45/45 (100.00%) ... 21.71627s.

===== test-interpreter/spec-test-3/return_call_indirect.wast =====
- print_i32_f32: 5 91
- 67/67 (100.00%) ... 9.59729s.

===== test-interpreter/spec-test-3/return_call_ref.wast =====
- 51/51 (100.00%) ... 21.08015s.

===== test-interpreter/spec-test-3/select.wast =====
- 160/160 (100.00%) ... 2.04441s.

===== test-interpreter/spec-test-3/skip-stack-guard-page.wast =====
- 12/12 (100.00%) ... 23m24s.

===== test-interpreter/spec-test-3/stack.wast =====
- 9/9 (100.00%) ... 1.51977s.

===== test-interpreter/spec-test-3/start.wast =====
- print_i32: 1
- print_i32: 2
- print: ()
- 25/25 (100.00%) ... 0.25541s.

===== test-interpreter/spec-test-3/store.wast =====
- 62/62 (100.00%) ... 0.34856s.

===== test-interpreter/spec-test-3/switch.wast =====
- 29/29 (100.00%) ... 0.92345s.

===== test-interpreter/spec-test-3/table.wast =====
- 59/59 (100.00%) ... 0.19597s.

===== test-interpreter/spec-test-3/table_get.wast =====
- 17/17 (100.00%) ... 0.14510s.

===== test-interpreter/spec-test-3/table_set.wast =====
- 27/27 (100.00%) ... 0.23055s.

===== test-interpreter/spec-test-3/table_size.wast =====
- 40/40 (100.00%) ... 0.27743s.

===== test-interpreter/spec-test-3/token.wast =====
- 70/70 (100.00%) ... 0.19772s.

===== test-interpreter/spec-test-3/traps.wast =====
- 40/40 (100.00%) ... 0.48328s.

===== test-interpreter/spec-test-3/type-canon.wast =====
- 4/4 (100.00%) ... 0.05836s.

===== test-interpreter/spec-test-3/type-equivalence.wast =====
- 47/47 (100.00%) ... 1.50008s.

===== test-interpreter/spec-test-3/type-rec.wast =====
- 37/37 (100.00%) ... 0.31986s.

===== test-interpreter/spec-test-3/type.wast =====
- 2/2 (100.00%) ... 0.06362s.

===== test-interpreter/spec-test-3/unreachable.wast =====
- 65/65 (100.00%) ... 0.85468s.

===== test-interpreter/spec-test-3/unreached-invalid.wast =====
- 121/121 (100.00%) ... 0.59667s.

===== test-interpreter/spec-test-3/unreached-valid.wast =====
- 16/16 (100.00%) ... 0.22925s.

===== test-interpreter/spec-test-3/unwind.wast =====
- 51/51 (100.00%) ... 0.95547s.

===== test-interpreter/spec-test-3/utf8-custom-section-id.wast =====
- 0/0 (100.00%) ... 0.00004s.

===== test-interpreter/spec-test-3/utf8-import-field.wast =====
- 0/0 (100.00%) ... 0.00004s.

===== test-interpreter/spec-test-3/utf8-import-module.wast =====
- 0/0 (100.00%) ... 0.00004s.

===== test-interpreter/spec-test-3/utf8-invalid-encoding.wast =====
- 0/0 (100.00%) ... 0.00004s.

===== test-interpreter/spec-test-3/bulk-memory/bulk.wast =====
- 129/129 (100.00%) ... 4.08104s.

===== test-interpreter/spec-test-3/bulk-memory/memory_copy.wast =====
- 4242/4242 (100.00%) ... 29.74884s.

===== test-interpreter/spec-test-3/bulk-memory/memory_fill.wast =====
- 102/102 (100.00%) ... 5.81609s.

===== test-interpreter/spec-test-3/bulk-memory/memory_init.wast =====
- 279/279 (100.00%) ... 2.24835s.

===== test-interpreter/spec-test-3/bulk-memory/table-sub.wast =====
- 4/4 (100.00%) ... 0.03229s.

===== test-interpreter/spec-test-3/bulk-memory/table_copy.wast =====
- 1779/1779 (100.00%) ... 25.02436s.

===== test-interpreter/spec-test-3/bulk-memory/table_fill.wast =====
- 46/46 (100.00%) ... 0.37534s.

===== test-interpreter/spec-test-3/bulk-memory/table_init.wast =====
- 832/832 (100.00%) ... 12.15265s.

===== test-interpreter/spec-test-3/exceptions/tag.wast =====
- 12/12 (100.00%) ... 0.05751s.

===== test-interpreter/spec-test-3/exceptions/throw.wast =====
 (Meta)Interpreter warning:
Calling $Step_read can be slow.
- 14/14 (100.00%) ... 0.30537s.

===== test-interpreter/spec-test-3/exceptions/throw_ref.wast =====
 (Meta)Interpreter warning:
Calling $Step_read can be slow.
 (Meta)Interpreter warning:
Calling $Step_read can be slow.
 (Meta)Interpreter warning:
Calling $Step_read can be slow.
 (Meta)Interpreter warning:
Calling $Step_read can be slow.
 (Meta)Interpreter warning:
Calling $Step_read can be slow.
 (Meta)Interpreter warning:
Calling $Step_read can be slow.
 (Meta)Interpreter warning:
Calling $Step_read can be slow.
 (Meta)Interpreter warning:
Calling $Step_read can be slow.
 (Meta)Interpreter warning:
Calling $Step_read can be slow.
 (Meta)Interpreter warning:
Calling $Step_read can be slow.
 (Meta)Interpreter warning:
Calling $Step_read can be slow.
 (Meta)Interpreter warning:
Calling $Step_read can be slow.
 (Meta)Interpreter warning:
Calling $Step_read can be slow.
 (Meta)Interpreter warning:
Calling $Step_read can be slow.
 (Meta)Interpreter warning:
Calling $Step_read can be slow.
 (Meta)Interpreter warning:
Calling $Step_read can be slow.
- 16/16 (100.00%) ... 0.52664s.

===== test-interpreter/spec-test-3/exceptions/try_table.wast =====
 (Meta)Interpreter warning:
Calling $Step_read can be slow.
 (Meta)Interpreter warning:
Calling $Step_read can be slow.
 (Meta)Interpreter warning:
Calling $Step_read can be slow.
 (Meta)Interpreter warning:
Calling $Step_read can be slow.
 (Meta)Interpreter warning:
Calling $Step_read can be slow.
 (Meta)Interpreter warning:
Calling $Step_read can be slow.
 (Meta)Interpreter warning:
Calling $Step_read can be slow.
 (Meta)Interpreter warning:
Calling $Step_read can be slow.
 (Meta)Interpreter warning:
Calling $Step_read can be slow.
 (Meta)Interpreter warning:
Calling $Step_read can be slow.
 (Meta)Interpreter warning:
Calling $Step_read can be slow.
 (Meta)Interpreter warning:
Calling $Step_read can be slow.
 (Meta)Interpreter warning:
Calling $Step_read can be slow.
 (Meta)Interpreter warning:
Calling $Step_read can be slow.
 (Meta)Interpreter warning:
Calling $Step_read can be slow.
 (Meta)Interpreter warning:
Calling $Step_read can be slow.
 (Meta)Interpreter warning:
Calling $Step_read can be slow.
 (Meta)Interpreter warning:
Calling $Step_read can be slow.
 (Meta)Interpreter warning:
Calling $Step_read can be slow.
 (Meta)Interpreter warning:
Calling $Step_read can be slow.
 (Meta)Interpreter warning:
Calling $Step_read can be slow.
 (Meta)Interpreter warning:
Calling $Step_read can be slow.
 (Meta)Interpreter warning:
Calling $Step_read can be slow.
 (Meta)Interpreter warning:
Calling $Step_read can be slow.
 (Meta)Interpreter warning:
Calling $Step_read can be slow.
 (Meta)Interpreter warning:
Calling $Step_read can be slow.
 (Meta)Interpreter warning:
Calling $Step_read can be slow.
 (Meta)Interpreter warning:
Calling $Step_read can be slow.
 (Meta)Interpreter warning:
Calling $Step_read can be slow.
 (Meta)Interpreter warning:
Calling $Step_read can be slow.
 (Meta)Interpreter warning:
Calling $Step_read can be slow.
 (Meta)Interpreter warning:
Calling $Step_read can be slow.
 (Meta)Interpreter warning:
Calling $Step_read can be slow.
 (Meta)Interpreter warning:
Calling $Step_read can be slow.
 (Meta)Interpreter warning:
Calling $Step_read can be slow.
 (Meta)Interpreter warning:
Calling $Step_read can be slow.
 (Meta)Interpreter warning:
Calling $Step_read can be slow.
 (Meta)Interpreter warning:
Calling $Step_read can be slow.
 (Meta)Interpreter warning:
Calling $Step_read can be slow.
 (Meta)Interpreter warning:
Calling $Step_read can be slow.
 (Meta)Interpreter warning:
Calling $Step_read can be slow.
 (Meta)Interpreter warning:
Calling $Step_read can be slow.
 (Meta)Interpreter warning:
Calling $Step_read can be slow.
 (Meta)Interpreter warning:
Calling $Step_read can be slow.
 (Meta)Interpreter warning:
Calling $Step_read can be slow.
 (Meta)Interpreter warning:
Calling $Step_read can be slow.
 (Meta)Interpreter warning:
Calling $Step_read can be slow.
 (Meta)Interpreter warning:
Calling $Step_read can be slow.
 (Meta)Interpreter warning:
Calling $Step_read can be slow.
 (Meta)Interpreter warning:
Calling $Step_read can be slow.
- 70/70 (100.00%) ... 2.13609s.

===== test-interpreter/spec-test-3/gc/array.wast =====
- 61/61 (100.00%) ... 1.02038s.

===== test-interpreter/spec-test-3/gc/array_copy.wast =====
- 36/36 (100.00%) ... 0.56725s.

===== test-interpreter/spec-test-3/gc/array_fill.wast =====
- 31/31 (100.00%) ... 0.34779s.

===== test-interpreter/spec-test-3/gc/array_init_data.wast =====
- 48/48 (100.00%) ... 0.62018s.

===== test-interpreter/spec-test-3/gc/array_init_elem.wast =====
- 39/39 (100.00%) ... 0.64884s.

===== test-interpreter/spec-test-3/gc/array_new_data.wast =====
- 33/33 (100.00%) ... 0.40741s.

===== test-interpreter/spec-test-3/gc/array_new_elem.wast =====
- 29/29 (100.00%) ... 0.46233s.

===== test-interpreter/spec-test-3/gc/binary-gc.wast =====
- 0/0 (100.00%) ... 0.00000s.

===== test-interpreter/spec-test-3/gc/br_on_cast.wast =====
- 40/40 (100.00%) ... 1.50376s.

===== test-interpreter/spec-test-3/gc/br_on_cast_fail.wast =====
- 40/40 (100.00%) ... 2.93599s.

===== test-interpreter/spec-test-3/gc/extern.wast =====
- 19/19 (100.00%) ... 0.27801s.

===== test-interpreter/spec-test-3/gc/i31.wast =====
- 79/79 (100.00%) ... 0.85137s.

===== test-interpreter/spec-test-3/gc/ref_cast.wast =====
- 47/47 (100.00%) ... 1.16230s.

===== test-interpreter/spec-test-3/gc/ref_eq.wast =====
- 90/90 (100.00%) ... 0.89294s.

===== test-interpreter/spec-test-3/gc/ref_test.wast =====
- 73/73 (100.00%) ... 2.23896s.

===== test-interpreter/spec-test-3/gc/struct.wast =====
- 35/35 (100.00%) ... 0.50310s.

===== test-interpreter/spec-test-3/gc/type-subtyping.wast =====
- 165/165 (100.00%) ... 3.63578s.

===== test-interpreter/spec-test-3/memory64/address64.wast =====
- 246/246 (100.00%) ... 2.18608s.

===== test-interpreter/spec-test-3/memory64/align64.wast =====
- 137/137 (100.00%) ... 2.71401s.

===== test-interpreter/spec-test-3/memory64/binary_leb128_64.wast =====
- 2/2 (100.00%) ... 0.00920s.

===== test-interpreter/spec-test-3/memory64/bulk64.wast =====
- 74/74 (100.00%) ... 3.16615s.

===== test-interpreter/spec-test-3/memory64/call_indirect64.wast =====
- 3/3 (100.00%) ... 0.03537s.

===== test-interpreter/spec-test-3/memory64/endianness64.wast =====
- 70/70 (100.00%) ... 3.33299s.

===== test-interpreter/spec-test-3/memory64/float_memory64.wast =====
- 96/96 (100.00%) ... 0.81549s.

===== test-interpreter/spec-test-3/memory64/load64.wast =====
- 85/85 (100.00%) ... 0.75434s.

===== test-interpreter/spec-test-3/memory64/memory64-imports.wast =====
- 110/110 (100.00%) ... 0.19227s.

===== test-interpreter/spec-test-3/memory64/memory64.wast =====
- 78/78 (100.00%) ... 0.72948s.

===== test-interpreter/spec-test-3/memory64/memory_copy64.wast =====
- 4233/4233 (100.00%) ... 28.70089s.

===== test-interpreter/spec-test-3/memory64/memory_fill64.wast =====
- 102/102 (100.00%) ... 6.28017s.

===== test-interpreter/spec-test-3/memory64/memory_grow64.wast =====
- 42/42 (100.00%) ... 1.19896s.

===== test-interpreter/spec-test-3/memory64/memory_init64.wast =====
- 279/279 (100.00%) ... 2.23285s.

===== test-interpreter/spec-test-3/memory64/memory_redundancy64.wast =====
- 9/9 (100.00%) ... 0.19984s.

===== test-interpreter/spec-test-3/memory64/memory_trap64.wast =====
- 174/174 (100.00%) ... 1.46737s.

===== test-interpreter/spec-test-3/memory64/table64.wast =====
- 25/25 (100.00%) ... 0.06692s.

===== test-interpreter/spec-test-3/memory64/table_copy64.wast =====
- 1779/1779 (100.00%) ... 25.91775s.

===== test-interpreter/spec-test-3/memory64/table_copy_mixed.wast =====
- 5/5 (100.00%) ... 0.04573s.

===== test-interpreter/spec-test-3/memory64/table_fill64.wast =====
- 81/81 (100.00%) ... 0.63638s.

===== test-interpreter/spec-test-3/memory64/table_get64.wast =====
- 12/12 (100.00%) ... 0.13913s.

===== test-interpreter/spec-test-3/memory64/table_grow64.wast =====
- 23/23 (100.00%) ... 0.17697s.

===== test-interpreter/spec-test-3/memory64/table_init64.wast =====
- 931/931 (100.00%) ... 14.03878s.

===== test-interpreter/spec-test-3/memory64/table_set64.wast =====
- 20/20 (100.00%) ... 0.20557s.

===== test-interpreter/spec-test-3/memory64/table_size64.wast =====
- 38/38 (100.00%) ... 0.27209s.

===== test-interpreter/spec-test-3/multi-memory/address0.wast =====
- 93/93 (100.00%) ... 0.86089s.

===== test-interpreter/spec-test-3/multi-memory/address1.wast =====
- 128/128 (100.00%) ... 1.16684s.

===== test-interpreter/spec-test-3/multi-memory/align0.wast =====
- 6/6 (100.00%) ... 0.20884s.

===== test-interpreter/spec-test-3/multi-memory/binary0.wast =====
- 10/10 (100.00%) ... 0.03487s.

===== test-interpreter/spec-test-3/multi-memory/data0.wast =====
- 14/14 (100.00%) ... 0.40509s.

===== test-interpreter/spec-test-3/multi-memory/data1.wast =====
- 28/28 (100.00%) ... 0.12342s.

===== test-interpreter/spec-test-3/multi-memory/data_drop0.wast =====
- 12/12 (100.00%) ... 0.10803s.

===== test-interpreter/spec-test-3/multi-memory/exports0.wast =====
- 16/16 (100.00%) ... 0.04138s.

===== test-interpreter/spec-test-3/multi-memory/float_exprs0.wast =====
- 15/15 (100.00%) ... 0.20149s.

===== test-interpreter/spec-test-3/multi-memory/float_exprs1.wast =====
- 4/4 (100.00%) ... 14.90360s.

===== test-interpreter/spec-test-3/multi-memory/float_memory0.wast =====
- 32/32 (100.00%) ... 0.33621s.

===== test-interpreter/spec-test-3/multi-memory/imports0.wast =====
- 8/8 (100.00%) ... 0.05471s.

===== test-interpreter/spec-test-3/multi-memory/imports1.wast =====
- 6/6 (100.00%) ... 0.04896s.

===== test-interpreter/spec-test-3/multi-memory/imports2.wast =====
- 24/24 (100.00%) ... 0.12609s.

===== test-interpreter/spec-test-3/multi-memory/imports3.wast =====
- 10/10 (100.00%) ... 0.05650s.

===== test-interpreter/spec-test-3/multi-memory/imports4.wast =====
- 18/18 (100.00%) ... 0.11724s.

===== test-interpreter/spec-test-3/multi-memory/linking0.wast =====
- 7/7 (100.00%) ... 0.10100s.

===== test-interpreter/spec-test-3/multi-memory/linking1.wast =====
- 19/19 (100.00%) ... 0.22314s.

===== test-interpreter/spec-test-3/multi-memory/linking2.wast =====
- 12/12 (100.00%) ... 0.14038s.

===== test-interpreter/spec-test-3/multi-memory/linking3.wast =====
- 17/17 (100.00%) ... 0.24016s.

===== test-interpreter/spec-test-3/multi-memory/load0.wast =====
- 4/4 (100.00%) ... 0.03815s.

===== test-interpreter/spec-test-3/multi-memory/load1.wast =====
- 19/19 (100.00%) ... 0.17464s.

===== test-interpreter/spec-test-3/multi-memory/load2.wast =====
- 39/39 (100.00%) ... 0.75984s.

===== test-interpreter/spec-test-3/multi-memory/memory-multi.wast =====
- 8/8 (100.00%) ... 0.13894s.

===== test-interpreter/spec-test-3/multi-memory/memory_copy0.wast =====
- 30/30 (100.00%) ... 2.80368s.

===== test-interpreter/spec-test-3/multi-memory/memory_copy1.wast =====
- 15/15 (100.00%) ... 2.89107s.

===== test-interpreter/spec-test-3/multi-memory/memory_fill0.wast =====
- 16/16 (100.00%) ... 0.14003s.

===== test-interpreter/spec-test-3/multi-memory/memory_grow.wast =====
- 53/53 (100.00%) ... 0.41678s.

===== test-interpreter/spec-test-3/multi-memory/memory_init0.wast =====
- 14/14 (100.00%) ... 0.15245s.

===== test-interpreter/spec-test-3/multi-memory/memory_size0.wast =====
- 9/9 (100.00%) ... 0.07249s.

===== test-interpreter/spec-test-3/multi-memory/memory_size1.wast =====
- 16/16 (100.00%) ... 0.12276s.

===== test-interpreter/spec-test-3/multi-memory/memory_size2.wast =====
- 22/22 (100.00%) ... 0.18166s.

===== test-interpreter/spec-test-3/multi-memory/memory_size3.wast =====
- 2/2 (100.00%) ... 0.00584s.

===== test-interpreter/spec-test-3/multi-memory/memory_size_import.wast =====
- 8/8 (100.00%) ... 0.05382s.

===== test-interpreter/spec-test-3/multi-memory/memory_trap0.wast =====
- 15/15 (100.00%) ... 0.24185s.

===== test-interpreter/spec-test-3/multi-memory/memory_trap1.wast =====
- 169/169 (100.00%) ... 1.46593s.

===== test-interpreter/spec-test-3/multi-memory/start0.wast =====
- 10/10 (100.00%) ... 0.12808s.

===== test-interpreter/spec-test-3/multi-memory/store0.wast =====
- 6/6 (100.00%) ... 0.06151s.

===== test-interpreter/spec-test-3/multi-memory/store1.wast =====
- 14/14 (100.00%) ... 0.13421s.

===== test-interpreter/spec-test-3/multi-memory/store2.wast =====
- 26/26 (100.00%) ... 0.37842s.

===== test-interpreter/spec-test-3/multi-memory/traps0.wast =====
- 16/16 (100.00%) ... 0.22032s.

Total [38920/38920] (100.00%) ... 41m15s.

== Complete.
make[1]: Leaving directory '/home/zilinc/ntu/wasm/spectec/spectec'
